Python 3.7.4 (tags/v3.7.4:e09359112e, Jul  8 2019, 19:29:22) [MSC v.1916 32 bit (Intel)] on win32
Type "help", "copyright", "credits" or "license()" for more information.
>>> import urllib3
>>> resp = urllib3.request("GET", "https://www.cia.gov/the-world-factbook/countries/afghanistan/")
>>> len(resp)
Traceback (most recent call last):
  File "<pyshell#2>", line 1, in <module>
    len(resp)
TypeError: object of type 'HTTPResponse' has no len()
>>> len(resp.data)
367039
>>> from bs4 import BeautifulSoup
>>> soup = BeautifulSoup(resp, 'html.parser')
>>> soup.find("head")
>>> soup.head
>>> soup = BeautifulSoup(resp.data, 'html.parser')
>>> soup.find("head")

>>> soup.find_all('a')

>>> soup.contents

>>> soup.contents[0]
'html'
>>> soup.contents[1]

>>> soup.contents[2]
Traceback (most recent call last):
  File "<pyshell#14>", line 1, in <module>
    soup.contents[2]
IndexError: list index out of range
>>> soup.find_all('h3')
[<h3 class="mt30"><a href="/the-world-factbook/field/background">Background</a></h3>, <h3 class="mt30"><a href="/the-world-factbook/field/location">Location</a></h3>, <h3 class="mt30"><a href="/the-world-factbook/field/geographic-coordinates">Geographic coordinates</a></h3>, <h3 class="mt30"><a href="/the-world-factbook/field/map-references">Map references</a></h3>, <h3 class="mt30"><a href="/the-world-factbook/field/area">Area</a></h3>, <h3 class="mt30"><a href="/the-world-factbook/field/area-comparative">Area - comparative</a></h3>, <h3 class="mt30"><a href="/the-world-factbook/field/land-boundaries">Land boundaries</a></h3>, <h3 class="mt30"><a href="/the-world-factbook/field/coastline">Coastline</a></h3>, <h3 class="mt30"><a href="/the-world-factbook/field/maritime-claims">Maritime claims</a></h3>, <h3 class="mt30"><a href="/the-world-factbook/field/climate">Climate</a></h3>, <h3 class="mt30"><a href="/the-world-factbook/field/terrain">Terrain</a></h3>, <h3 class="mt30"><a href="/the-world-factbook/field/elevation">Elevation</a></h3>, <h3 class="mt30"><a href="/the-world-factbook/field/natural-resources">Natural resources</a></h3>, <h3 class="mt30"><a href="/the-world-factbook/field/land-use">Land use</a></h3>, <h3 class="mt30"><a href="/the-world-factbook/field/irrigated-land">Irrigated land</a></h3>, <h3 class="mt30"><a href="/the-world-factbook/field/major-lakes-area-sq-km">Major lakes (area sq km)</a></h3>, <h3 class="mt30"><a href="/the-world-factbook/field/major-rivers-by-length-in-km">Major rivers (by length in km)</a></h3>, <h3 class="mt30"><a href="/the-world-factbook/field/major-watersheds-area-sq-km">Major watersheds (area sq km)</a></h3>, <h3 class="mt30"><a href="/the-world-factbook/field/population-distribution">Population distribution</a></h3>, <h3 class="mt30"><a href="/the-world-factbook/field/natural-hazards">Natural hazards</a></h3>, <h3 class="mt30"><a href="/the-world-factbook/field/geography-note">Geography - note</a></h3>, <h3 class="mt30"><a href="/the-world-factbook/field/population">Population</a></h3>, <h3 class="mt30"><a href="/the-world-factbook/field/nationality">Nationality</a></h3>, <h3 class="mt30"><a href="/the-world-factbook/field/ethnic-groups">Ethnic groups</a></h3>, <h3 class="mt30"><a href="/the-world-factbook/field/languages">Languages</a></h3>, <h3 class="mt30"><a href="/the-world-factbook/field/religions">Religions</a></h3>, <h3 class="mt30"><a href="/the-world-factbook/field/age-structure">Age structure</a></h3>, <h3 class="mt30"><a href="/the-world-factbook/field/dependency-ratios">Dependency ratios</a></h3>, <h3 class="mt30"><a href="/the-world-factbook/field/median-age">Median age</a></h3>, <h3 class="mt30"><a href="/the-world-factbook/field/population-growth-rate">Population growth rate</a></h3>, <h3 class="mt30"><a href="/the-world-factbook/field/birth-rate">Birth rate</a></h3>, <h3 class="mt30"><a href="/the-world-factbook/field/death-rate">Death rate</a></h3>, <h3 class="mt30"><a href="/the-world-factbook/field/net-migration-rate">Net migration rate</a></h3>, <h3 class="mt30"><a href="/the-world-factbook/field/population-distribution">Population distribution</a></h3>, <h3 class="mt30"><a href="/the-world-factbook/field/urbanization">Urbanization</a></h3>, <h3 class="mt30"><a href="/the-world-factbook/field/major-urban-areas-population">Major urban areas - population</a></h3>, <h3 class="mt30"><a href="/the-world-factbook/field/sex-ratio">Sex ratio</a></h3>, <h3 class="mt30"><a href="/the-world-factbook/field/mothers-mean-age-at-first-birth">Mother's mean age at first birth</a></h3>, <h3 class="mt30"><a href="/the-world-factbook/field/maternal-mortality-ratio">Maternal mortality ratio</a></h3>, <h3 class="mt30"><a href="/the-world-factbook/field/infant-mortality-rate">Infant mortality rate</a></h3>, <h3 class="mt30"><a href="/the-world-factbook/field/life-expectancy-at-birth">Life expectancy at birth</a></h3>, <h3 class="mt30"><a href="/the-world-factbook/field/total-fertility-rate">Total fertility rate</a></h3>, <h3 class="mt30"><a href="/the-world-factbook/field/gross-reproduction-rate">Gross reproduction rate</a></h3>, <h3 class="mt30"><a href="/the-world-factbook/field/contraceptive-prevalence-rate">Contraceptive prevalence rate</a></h3>, <h3 class="mt30"><a href="/the-world-factbook/field/drinking-water-source">Drinking water source</a></h3>, <h3 class="mt30"><a href="/the-world-factbook/field/current-health-expenditure">Current health expenditure</a></h3>, <h3 class="mt30"><a href="/the-world-factbook/field/physicians-density">Physicians density</a></h3>, <h3 class="mt30"><a href="/the-world-factbook/field/hospital-bed-density">Hospital bed density</a></h3>, <h3 class="mt30"><a href="/the-world-factbook/field/sanitation-facility-access">Sanitation facility access</a></h3>, <h3 class="mt30"><a href="/the-world-factbook/field/major-infectious-diseases">Major infectious diseases</a></h3>, <h3 class="mt30"><a href="/the-world-factbook/field/obesity-adult-prevalence-rate">Obesity - adult prevalence rate</a></h3>, <h3 class="mt30"><a href="/the-world-factbook/field/alcohol-consumption-per-capita">Alcohol consumption per capita</a></h3>, <h3 class="mt30"><a href="/the-world-factbook/field/tobacco-use">Tobacco use</a></h3>, <h3 class="mt30"><a href="/the-world-factbook/field/children-under-the-age-of-5-years-underweight">Children under the age of 5 years underweight</a></h3>, <h3 class="mt30"><a href="/the-world-factbook/field/currently-married-women-ages-15-49">Currently married women (ages 15-49)</a></h3>, <h3 class="mt30"><a href="/the-world-factbook/field/child-marriage">Child marriage</a></h3>, <h3 class="mt30"><a href="/the-world-factbook/field/education-expenditures">Education expenditures</a></h3>, <h3 class="mt30"><a href="/the-world-factbook/field/literacy">Literacy</a></h3>, <h3 class="mt30"><a href="/the-world-factbook/field/school-life-expectancy-primary-to-tertiary-education">School life expectancy (primary to tertiary education)</a></h3>, <h3 class="mt30"><a href="/the-world-factbook/field/environment-current-issues">Environment - current issues</a></h3>, <h3 class="mt30"><a href="/the-world-factbook/field/environment-international-agreements">Environment - international agreements</a></h3>, <h3 class="mt30"><a href="/the-world-factbook/field/climate">Climate</a></h3>, <h3 class="mt30"><a href="/the-world-factbook/field/land-use">Land use</a></h3>, <h3 class="mt30"><a href="/the-world-factbook/field/urbanization">Urbanization</a></h3>, <h3 class="mt30"><a href="/the-world-factbook/field/food-insecurity">Food insecurity</a></h3>, <h3 class="mt30"><a href="/the-world-factbook/field/revenue-from-forest-resources">Revenue from forest resources</a></h3>, <h3 class="mt30"><a href="/the-world-factbook/field/revenue-from-coal">Revenue from coal</a></h3>, <h3 class="mt30"><a href="/the-world-factbook/field/air-pollutants">Air pollutants</a></h3>, <h3 class="mt30"><a href="/the-world-factbook/field/waste-and-recycling">Waste and recycling</a></h3>, <h3 class="mt30"><a href="/the-world-factbook/field/major-lakes-area-sq-km">Major lakes (area sq km)</a></h3>, <h3 class="mt30"><a href="/the-world-factbook/field/major-rivers-by-length-in-km">Major rivers (by length in km)</a></h3>, <h3 class="mt30"><a href="/the-world-factbook/field/major-watersheds-area-sq-km">Major watersheds (area sq km)</a></h3>, <h3 class="mt30"><a href="/the-world-factbook/field/total-water-withdrawal">Total water withdrawal</a></h3>, <h3 class="mt30"><a href="/the-world-factbook/field/total-renewable-water-resources">Total renewable water resources</a></h3>, <h3 class="mt30"><a href="/the-world-factbook/field/country-name">Country name</a></h3>, <h3 class="mt30"><a href="/the-world-factbook/field/government-type">Government type</a></h3>, <h3 class="mt30"><a href="/the-world-factbook/field/capital">Capital</a></h3>, <h3 class="mt30"><a href="/the-world-factbook/field/administrative-divisions">Administrative divisions</a></h3>, <h3 class="mt30"><a href="/the-world-factbook/field/independence">Independence</a></h3>, <h3 class="mt30"><a href="/the-world-factbook/field/national-holiday">National holiday</a></h3>, <h3 class="mt30"><a href="/the-world-factbook/field/constitution">Constitution</a></h3>, <h3 class="mt30"><a href="/the-world-factbook/field/legal-system">Legal system</a></h3>, <h3 class="mt30"><a href="/the-world-factbook/field/international-law-organization-participation">International law organization participation</a></h3>, <h3 class="mt30"><a href="/the-world-factbook/field/citizenship">Citizenship</a></h3>, <h3 class="mt30"><a href="/the-world-factbook/field/suffrage">Suffrage</a></h3>, <h3 class="mt30"><a href="/the-world-factbook/field/executive-branch">Executive branch</a></h3>, <h3 class="mt30"><a href="/the-world-factbook/field/legislative-branch">Legislative branch</a></h3>, <h3 class="mt30"><a href="/the-world-factbook/field/judicial-branch">Judicial branch</a></h3>, <h3 class="mt30"><a href="/the-world-factbook/field/political-parties-and-leaders">Political parties and leaders</a></h3>, <h3 class="mt30"><a href="/the-world-factbook/field/international-organization-participation">International organization participation</a></h3>, <h3 class="mt30"><a href="/the-world-factbook/field/diplomatic-representation-in-the-us">Diplomatic representation in the US</a></h3>, <h3 class="mt30"><a href="/the-world-factbook/field/diplomatic-representation-from-the-us">Diplomatic representation from the US</a></h3>, <h3 class="mt30"><a href="/the-world-factbook/field/flag-description">Flag description</a></h3>, <h3 class="mt30"><a href="/the-world-factbook/field/national-symbols">National symbol(s)</a></h3>, <h3 class="mt30"><a href="/the-world-factbook/field/national-anthem">National anthem</a></h3>, <h3 class="mt30"><a href="/the-world-factbook/field/national-heritage">National heritage</a></h3>, <h3 class="mt30"><a href="/the-world-factbook/field/economic-overview">Economic overview</a></h3>, <h3 class="mt30"><a href="/the-world-factbook/field/real-gdp-purchasing-power-parity">Real GDP (purchasing power parity)</a></h3>, <h3 class="mt30"><a href="/the-world-factbook/field/real-gdp-growth-rate">Real GDP growth rate</a></h3>, <h3 class="mt30"><a href="/the-world-factbook/field/real-gdp-per-capita">Real GDP per capita</a></h3>, <h3 class="mt30"><a href="/the-world-factbook/field/gdp-official-exchange-rate">GDP (official exchange rate)</a></h3>, <h3 class="mt30"><a href="/the-world-factbook/field/inflation-rate-consumer-prices">Inflation rate (consumer prices)</a></h3>, <h3 class="mt30"><a href="/the-world-factbook/field/gdp-composition-by-sector-of-origin">GDP - composition, by sector of origin</a></h3>, <h3 class="mt30"><a href="/the-world-factbook/field/gdp-composition-by-end-use">GDP - composition, by end use</a></h3>, <h3 class="mt30"><a href="/the-world-factbook/field/agricultural-products">Agricultural products</a></h3>, <h3 class="mt30"><a href="/the-world-factbook/field/industries">Industries</a></h3>, <h3 class="mt30"><a href="/the-world-factbook/field/industrial-production-growth-rate">Industrial production growth rate</a></h3>, <h3 class="mt30"><a href="/the-world-factbook/field/labor-force">Labor force</a></h3>, <h3 class="mt30"><a href="/the-world-factbook/field/unemployment-rate">Unemployment rate</a></h3>, <h3 class="mt30"><a href="/the-world-factbook/field/youth-unemployment-rate-ages-15-24">Youth unemployment rate (ages 15-24)</a></h3>, <h3 class="mt30"><a href="/the-world-factbook/field/population-below-poverty-line">Population below poverty line</a></h3>, <h3 class="mt30"><a href="/the-world-factbook/field/gini-index-coefficient-distribution-of-family-income">Gini Index coefficient - distribution of family income</a></h3>, <h3 class="mt30"><a href="/the-world-factbook/field/household-income-or-consumption-by-percentage-share">Household income or consumption by percentage share</a></h3>, <h3 class="mt30"><a href="/the-world-factbook/field/remittances">Remittances</a></h3>, <h3 class="mt30"><a href="/the-world-factbook/field/budget">Budget</a></h3>, <h3 class="mt30"><a href="/the-world-factbook/field/budget-surplus--or-deficit">Budget surplus (+) or deficit (-)</a></h3>, <h3 class="mt30"><a href="/the-world-factbook/field/public-debt">Public debt</a></h3>, <h3 class="mt30"><a href="/the-world-factbook/field/taxes-and-other-revenues">Taxes and other revenues</a></h3>, <h3 class="mt30"><a href="/the-world-factbook/field/fiscal-year">Fiscal year</a></h3>, <h3 class="mt30"><a href="/the-world-factbook/field/current-account-balance">Current account balance</a></h3>, <h3 class="mt30"><a href="/the-world-factbook/field/exports">Exports</a></h3>, <h3 class="mt30"><a href="/the-world-factbook/field/exports-partners">Exports - partners</a></h3>, <h3 class="mt30"><a href="/the-world-factbook/field/exports-commodities">Exports - commodities</a></h3>, <h3 class="mt30"><a href="/the-world-factbook/field/imports">Imports</a></h3>, <h3 class="mt30"><a href="/the-world-factbook/field/imports-partners">Imports - partners</a></h3>, <h3 class="mt30"><a href="/the-world-factbook/field/imports-commodities">Imports - commodities</a></h3>, <h3 class="mt30"><a href="/the-world-factbook/field/reserves-of-foreign-exchange-and-gold">Reserves of foreign exchange and gold</a></h3>, <h3 class="mt30"><a href="/the-world-factbook/field/debt-external">Debt - external</a></h3>, <h3 class="mt30"><a href="/the-world-factbook/field/exchange-rates">Exchange rates</a></h3>, <h3 class="mt30"><a href="/the-world-factbook/field/electricity-access">Electricity access</a></h3>, <h3 class="mt30"><a href="/the-world-factbook/field/electricity">Electricity</a></h3>, <h3 class="mt30"><a href="/the-world-factbook/field/electricity-generation-sources">Electricity generation sources</a></h3>, <h3 class="mt30"><a href="/the-world-factbook/field/coal">Coal</a></h3>, <h3 class="mt30"><a href="/the-world-factbook/field/petroleum">Petroleum</a></h3>, <h3 class="mt30"><a href="/the-world-factbook/field/refined-petroleum-products-production">Refined petroleum products - production</a></h3>, <h3 class="mt30"><a href="/the-world-factbook/field/refined-petroleum-products-exports">Refined petroleum products - exports</a></h3>, <h3 class="mt30"><a href="/the-world-factbook/field/refined-petroleum-products-imports">Refined petroleum products - imports</a></h3>, <h3 class="mt30"><a href="/the-world-factbook/field/natural-gas">Natural gas</a></h3>, <h3 class="mt30"><a href="/the-world-factbook/field/carbon-dioxide-emissions">Carbon dioxide emissions</a></h3>, <h3 class="mt30"><a href="/the-world-factbook/field/energy-consumption-per-capita">Energy consumption per capita</a></h3>, <h3 class="mt30"><a href="/the-world-factbook/field/telephones-fixed-lines">Telephones - fixed lines</a></h3>, <h3 class="mt30"><a href="/the-world-factbook/field/telephones-mobile-cellular">Telephones - mobile cellular</a></h3>, <h3 class="mt30"><a href="/the-world-factbook/field/telecommunication-systems">Telecommunication systems</a></h3>, <h3 class="mt30"><a href="/the-world-factbook/field/broadcast-media">Broadcast media</a></h3>, <h3 class="mt30"><a href="/the-world-factbook/field/internet-country-code">Internet country code</a></h3>, <h3 class="mt30"><a href="/the-world-factbook/field/internet-users">Internet users</a></h3>, <h3 class="mt30"><a href="/the-world-factbook/field/broadband-fixed-subscriptions">Broadband - fixed subscriptions</a></h3>, <h3 class="mt30"><a href="/the-world-factbook/field/national-air-transport-system">National air transport system</a></h3>, <h3 class="mt30"><a href="/the-world-factbook/field/civil-aircraft-registration-country-code-prefix">Civil aircraft registration country code prefix</a></h3>, <h3 class="mt30"><a href="/the-world-factbook/field/airports">Airports</a></h3>, <h3 class="mt30"><a href="/the-world-factbook/field/heliports">Heliports</a></h3>, <h3 class="mt30"><a href="/the-world-factbook/field/pipelines">Pipelines</a></h3>, <h3 class="mt30"><a href="/the-world-factbook/field/roadways">Roadways</a></h3>, <h3 class="mt30"><a href="/the-world-factbook/field/waterways">Waterways</a></h3>, <h3 class="mt30"><a href="/the-world-factbook/field/ports-and-terminals">Ports and terminals</a></h3>, <h3 class="mt30"><a href="/the-world-factbook/field/military-and-security-forces">Military and security forces</a></h3>, <h3 class="mt30"><a href="/the-world-factbook/field/military-expenditures">Military expenditures</a></h3>, <h3 class="mt30"><a href="/the-world-factbook/field/military-and-security-service-personnel-strengths">Military and security service personnel strengths</a></h3>, <h3 class="mt30"><a href="/the-world-factbook/field/military-equipment-inventories-and-acquisitions">Military equipment inventories and acquisitions</a></h3>, <h3 class="mt30"><a href="/the-world-factbook/field/military-service-age-and-obligation">Military service age and obligation</a></h3>, <h3 class="mt30"><a href="/the-world-factbook/field/military-note">Military - note</a></h3>, <h3 class="mt30"><a href="/the-world-factbook/field/terrorist-groups">Terrorist group(s)</a></h3>, <h3 class="mt30"><a href="/the-world-factbook/field/disputes-international">Disputes - international</a></h3>, <h3 class="mt30"><a href="/the-world-factbook/field/refugees-and-internally-displaced-persons">Refugees and internally displaced persons</a></h3>, <h3 class="mt30"><a href="/the-world-factbook/field/trafficking-in-persons">Trafficking in persons</a></h3>, <h3 class="mt30"><a href="/the-world-factbook/field/illicit-drugs">Illicit drugs</a></h3>]
>>> soup.find_all(string = "Literacy")
['Literacy']
>>> soup.find_all("a", string = "Literacy")
[<a href="/the-world-factbook/field/literacy">Literacy</a>]
>>> literacy = soup.find_all("a", string=  "Literacy")
>>> literacy
[<a href="/the-world-factbook/field/literacy">Literacy</a>]
>>> literacy.contents
Traceback (most recent call last):
  File "<pyshell#20>", line 1, in <module>
    literacy.contents
  File "C:\Users\samsung\AppData\Local\Programs\Python\Python37-32\lib\site-packages\bs4\element.py", line 2434, in __getattr__
    "ResultSet object has no attribute '%s'. You're probably treating a list of elements like a single element. Did you call find_all() when you meant to call find()?" % key
AttributeError: ResultSet object has no attribute 'contents'. You're probably treating a list of elements like a single element. Did you call find_all() when you meant to call find()?
>>> literacy.children
Traceback (most recent call last):
  File "<pyshell#21>", line 1, in <module>
    literacy.children
  File "C:\Users\samsung\AppData\Local\Programs\Python\Python37-32\lib\site-packages\bs4\element.py", line 2434, in __getattr__
    "ResultSet object has no attribute '%s'. You're probably treating a list of elements like a single element. Did you call find_all() when you meant to call find()?" % key
AttributeError: ResultSet object has no attribute 'children'. You're probably treating a list of elements like a single element. Did you call find_all() when you meant to call find()?
>>> literacy
[<a href="/the-world-factbook/field/literacy">Literacy</a>]
>>> literacy_string = soup.find(string="Literacy")
>>> literacy_string
'Literacy'
>>> literacy_string.find_parents("a")
[<a href="/the-world-factbook/field/literacy">Literacy</a>]
>>> literacy_string.find_parents("p")
[]
>>> literacy_string.find_next_sibling("a")
>>> literacy_string.find_next_siblings("a")
[]
>>> literacy_link = literacy_string.find_parents("a")
>>> iteracy_link.find_all_next(string=True)
Traceback (most recent call last):
  File "<pyshell#30>", line 1, in <module>
    iteracy_link.find_all_next(string=True)
NameError: name 'iteracy_link' is not defined
>>> literacy_link.find_all_next(string = True)
Traceback (most recent call last):
  File "<pyshell#31>", line 1, in <module>
    literacy_link.find_all_next(string = True)
  File "C:\Users\samsung\AppData\Local\Programs\Python\Python37-32\lib\site-packages\bs4\element.py", line 2434, in __getattr__
    "ResultSet object has no attribute '%s'. You're probably treating a list of elements like a single element. Did you call find_all() when you meant to call find()?" % key
AttributeError: ResultSet object has no attribute 'find_all_next'. You're probably treating a list of elements like a single element. Did you call find_all() when you meant to call find()?
>>> literacy_link.find_next("p")
Traceback (most recent call last):
  File "<pyshell#32>", line 1, in <module>
    literacy_link.find_next("p")
  File "C:\Users\samsung\AppData\Local\Programs\Python\Python37-32\lib\site-packages\bs4\element.py", line 2434, in __getattr__
    "ResultSet object has no attribute '%s'. You're probably treating a list of elements like a single element. Did you call find_all() when you meant to call find()?" % key
AttributeError: ResultSet object has no attribute 'find_next'. You're probably treating a list of elements like a single element. Did you call find_all() when you meant to call find()?
>>> literacy_link
[<a href="/the-world-factbook/field/literacy">Literacy</a>]
>>> literacy_link.contents[0]
Traceback (most recent call last):
  File "<pyshell#34>", line 1, in <module>
    literacy_link.contents[0]
  File "C:\Users\samsung\AppData\Local\Programs\Python\Python37-32\lib\site-packages\bs4\element.py", line 2434, in __getattr__
    "ResultSet object has no attribute '%s'. You're probably treating a list of elements like a single element. Did you call find_all() when you meant to call find()?" % key
AttributeError: ResultSet object has no attribute 'contents'. You're probably treating a list of elements like a single element. Did you call find_all() when you meant to call find()?
>>> literacy_link.c
